interactions:
- request:
    body: client_id=PLACEHOLDER&grant_type=client_credentials&client_info=1&client_secret=PLACEHOLDER&claims=PLACEHOLDER&scope=https%3A%2F%2Fquantum.microsoft.com%2F.default
    headers:
      Accept:
      - application/json
      Accept-Encoding:
      - gzip, deflate
      Connection:
      - keep-alive
      Content-Length:
      - '287'
      Content-Type:
      - application/x-www-form-urlencoded
      User-Agent:
      - azsdk-python-identity/1.7.0 Python/3.7.12 (Windows-10-10.0.19041-SP0)
      x-client-cpu:
      - x64
      x-client-current-telemetry:
      - 4|730,0|
      x-client-os:
      - win32
      x-client-sku:
      - MSAL.Python
      x-client-ver:
      - 1.15.0
    method: POST
    uri: https://login.microsoftonline.com/00000000-0000-0000-0000-000000000000/oauth2/v2.0/token
  response:
    body:
      string: '{"token_type": "Bearer", "expires_in": 86399, "ext_expires_in": 86399,
        "access_token": "fake_token"}'
    headers:
      content-length:
      - '1722'
      content-type:
      - application/json; charset=utf-8
    status:
      code: 200
      message: OK
- request:
    body: 'b''{"containerName": "job-00000000-0000-0000-0000-000000000000"}'''
    headers:
      Accept:
      - application/json
      Accept-Encoding:
      - gzip, deflate
      Connection:
      - keep-alive
      Content-Length:
      - '61'
      Content-Type:
      - application/json
      User-Agent:
      - testapp azsdk-python-quantum/0.0.0.1 Python/3.7.12 (Windows-10-10.0.19041-SP0)
    method: POST
    uri: https://eastus.quantum.azure.com/v1.0/subscriptions/00000000-0000-0000-0000-000000000000/resourceGroups/myresourcegroup/providers/Microsoft.Quantum/workspaces/myworkspace/storage/sasUri
  response:
    body:
      string: '{"sasUri": "https://mystorage.blob.core.windows.net/job-00000000-0000-0000-0000-000000000000?sv=PLACEHOLDER&sig=PLACEHOLDER&se=PLACEHOLDER&srt=co&ss=b&sp=racw",
        "access_token": "fake_token"}'
    headers:
      content-length:
      - '207'
      content-type:
      - application/json; charset=utf-8
      transfer-encoding:
      - chunked
    status:
      code: 200
      message: OK
- request:
    body: null
    headers:
      Accept:
      - application/xml
      Accept-Encoding:
      - gzip, deflate
      Connection:
      - keep-alive
      User-Agent:
      - azsdk-python-storage-blob/12.9.0 Python/3.7.12 (Windows-10-10.0.19041-SP0)
      x-ms-date:
      - Tue, 16 Nov 2021 00:43:25 GMT
      x-ms-version:
      - '2020-10-02'
    method: GET
    uri: https://mystorage.blob.core.windows.net/job-00000000-0000-0000-0000-000000000000?restype=container&sv=PLACEHOLDER&sig=PLACEHOLDER&se=PLACEHOLDER&srt=co&ss=b&sp=racw
  response:
    body:
      string: "\uFEFF<?xml version=\"1.0\" encoding=\"utf-8\"?><Error><Code>ContainerNotFound</Code><Message>The
        specified container does not exist.\nRequestId:921ce9e1-f01e-0046-7c82-daab6a000000\nTime:2021-11-16T00:43:25.1956730Z</Message></Error>"
    headers:
      content-length:
      - '225'
      content-type:
      - application/xml
      x-ms-version:
      - '2020-10-02'
    status:
      code: 404
      message: The specified container does not exist.
- request:
    body: null
    headers:
      Accept:
      - application/xml
      Accept-Encoding:
      - gzip, deflate
      Connection:
      - keep-alive
      Content-Length:
      - '0'
      User-Agent:
      - azsdk-python-storage-blob/12.9.0 Python/3.7.12 (Windows-10-10.0.19041-SP0)
      x-ms-date:
      - Tue, 16 Nov 2021 00:43:25 GMT
      x-ms-version:
      - '2020-10-02'
    method: PUT
    uri: https://mystorage.blob.core.windows.net/job-00000000-0000-0000-0000-000000000000?restype=container&sv=PLACEHOLDER&sig=PLACEHOLDER&se=PLACEHOLDER&srt=co&ss=b&sp=racw
  response:
    body:
      string: ''
    headers:
      content-length:
      - '0'
      x-ms-version:
      - '2020-10-02'
    status:
      code: 201
      message: Created
- request:
    body: null
    headers:
      Accept:
      - application/xml
      Accept-Encoding:
      - gzip, deflate
      Connection:
      - keep-alive
      User-Agent:
      - azsdk-python-storage-blob/12.9.0 Python/3.7.12 (Windows-10-10.0.19041-SP0)
      x-ms-date:
      - Tue, 16 Nov 2021 00:43:25 GMT
      x-ms-version:
      - '2020-10-02'
    method: GET
    uri: https://mystorage.blob.core.windows.net/job-00000000-0000-0000-0000-000000000000?restype=container&sv=PLACEHOLDER&sig=PLACEHOLDER&se=PLACEHOLDER&srt=co&ss=b&sp=racw
  response:
    body:
      string: ''
    headers:
      content-length:
      - '0'
      x-ms-lease-state:
      - available
      x-ms-lease-status:
      - unlocked
      x-ms-version:
      - '2020-10-02'
    status:
      code: 200
      message: OK
- request:
    body: b'\x1f\x8b\x08\x00\xac\xfe\x92a\x02\xff\xed\xcf1K\xc3@\x18\xc6\xf1k\xe2\xa0\x81B9\x9c:\x85\xec\tw\x974\x88\x93\xe0\xec\xa4{HJ\xb4\x81\x9a\x84\xe6\xb2\xf8\xe9\xfch^+$"\xb8\x15\xa1\xf0\xff-\xef=\xef\xc3\r\xef\xdbG\xd37m?\xda\xd7f_\x17}U\xa8\xa4\xaf\xc4y)\'\xcf\xb2\xd3t~Oe\xd2\xcd\xf4>\xedujr-B%\xfe\xc18\xd8\xf2\x10\x86g9\xf2\xe7q\x17"(\xa4\xaf\x13\xb5^\xde|\xe7\xebO\xe9-\xc4\x14o\x1f\xa4\xe7\xcd1:\xc6\xc5\x14\x85\x8b\xfe\xdc\xae\xdc_\x7fnW\xc7\xd6\x93\xf7\xc1]p\xd5\x96\xef\xb5T\xeb\xe4\xa5\x1el\xfc<V\x83\xed\xb6\xbbr\xb0\xcd\xf6\xa9km\xfdX\x1e\xf6]\x1c\x19e\xb4\xb3\x89u\x9e\xa5&\x8b\x04\x00\x00\x00\x00\x00\x00\x00\x00\x00\x00\x00\x00\x00\xe0/_\x8a\xaf/\xee\x00(\x00\x00'
    headers:
      Accept:
      - application/xml
      Accept-Encoding:
      - gzip, deflate
      Connection:
      - keep-alive
      Content-Length:
      - '226'
      Content-Type:
      - application/octet-stream
      User-Agent:
      - azsdk-python-storage-blob/12.9.0 Python/3.7.12 (Windows-10-10.0.19041-SP0)
      x-ms-blob-type:
      - BlockBlob
      x-ms-date:
      - Tue, 16 Nov 2021 00:43:25 GMT
      x-ms-version:
      - '2020-10-02'
    method: PUT
    uri: https://mystorage.blob.core.windows.net/job-00000000-0000-0000-0000-000000000000/inputData?sv=PLACEHOLDER&sig=PLACEHOLDER&se=PLACEHOLDER&srt=co&ss=b&sp=racw
  response:
    body:
      string: ''
    headers:
      content-length:
      - '0'
      x-ms-version:
      - '2020-10-02'
    status:
      code: 201
      message: Created
- request:
    body: 'b''{"id": "00000000-0000-0000-0000-000000000000", "name": "Test-SubstochasticMonteCarlo-\\"20210101-000000\\"",
      "containerUri": "https://mystorage.blob.core.windows.net/job-00000000-0000-0000-0000-000000000000?sv=PLACEHOLDER&sig=PLACEHOLDER&se=PLACEHOLDER&srt=co&ss=b&sp=racw",
      "inputDataUri": "https://mystorage.blob.core.windows.net/job-00000000-0000-0000-0000-000000000000/inputData",
      "inputDataFormat": "microsoft.qio.v2", "inputParams": {"params": {"step_limit":
      280}}, "providerId": "Microsoft", "target": "microsoft.substochasticmontecarlo.cpu",
      "outputDataFormat": "microsoft.qio-results.v2"}'''
    headers:
      Accept:
      - application/json
      Accept-Encoding:
      - gzip, deflate
      Connection:
      - keep-alive
      Content-Length:
      - '642'
      Content-Type:
      - application/json
      User-Agent:
      - testapp azsdk-python-quantum/0.0.0.1 Python/3.7.12 (Windows-10-10.0.19041-SP0)
    method: PUT
    uri: https://eastus.quantum.azure.com/v1.0/subscriptions/00000000-0000-0000-0000-000000000000/resourceGroups/myresourcegroup/providers/Microsoft.Quantum/workspaces/myworkspace/jobs/00000000-0000-0000-0000-000000000000
  response:
    body:
      string: '{"containerUri": "https://mystorage.blob.core.windows.net/job-00000000-0000-0000-0000-000000000000?sv=PLACEHOLDER&sig=PLACEHOLDER&se=PLACEHOLDER&srt=co&ss=b&sp=racw",
        "inputDataUri": "https://mystorage.blob.core.windows.net/job-00000000-0000-0000-0000-000000000000/inputData?sv=PLACEHOLDER&sr=b&sig=PLACEHOLDER&se=PLACEHOLDER&sp=rcw",
        "inputDataFormat": "microsoft.qio.v2", "inputParams": {"params": {"step_limit":
        280}}, "providerId": "microsoft", "target": "microsoft.substochasticmontecarlo.cpu",
        "metadata": null, "name": "Test-SubstochasticMonteCarlo-\"20210101-000000\"",
        "id": "00000000-0000-0000-0000-000000000000", "status": "Waiting", "outputDataFormat":
        "microsoft.qio-results.v2", "outputDataUri": "https://e2etests.blob.core.windows.net:443/job-00000000-0000-0000-0000-000000000000/outputData?sv=PLACEHOLDER&sig=PLACEHOLDER&se=PLACEHOLDER&srt=co&ss=b&sp=racw",
        "creationTime": "2021-11-16T00:43:25.4585273+00:00", "beginExecutionTime":
        null, "endExecutionTime": null, "cancellationTime": null, "costEstimate":
        null, "errorData": null, "isCancelling": false, "tags": [], "access_token":
        "fake_token"}'
    headers:
      content-length:
      - '1184'
      content-type:
      - application/json; charset=utf-8
      transfer-encoding:
      - chunked
    status:
      code: 200
      message: OK
- request:
    body: null
    headers:
      Accept:
      - application/json
      Accept-Encoding:
      - gzip, deflate
      Connection:
      - keep-alive
      User-Agent:
      - testapp azsdk-python-quantum/0.0.0.1 Python/3.7.12 (Windows-10-10.0.19041-SP0)
    method: GET
    uri: https://eastus.quantum.azure.com/v1.0/subscriptions/00000000-0000-0000-0000-000000000000/resourceGroups/myresourcegroup/providers/Microsoft.Quantum/workspaces/myworkspace/jobs/00000000-0000-0000-0000-000000000000
  response:
    body:
      string: '{"containerUri": "https://mystorage.blob.core.windows.net/job-00000000-0000-0000-0000-000000000000?sv=PLACEHOLDER&sig=PLACEHOLDER&se=PLACEHOLDER&srt=co&ss=b&sp=racw",
        "inputDataUri": "https://mystorage.blob.core.windows.net/job-00000000-0000-0000-0000-000000000000/inputData?sv=PLACEHOLDER&sr=b&sig=PLACEHOLDER&se=PLACEHOLDER&sp=r&rscd=attachment%3B%20filename%3DTest-SubstochasticMonteCarlo-%252220210101-000000%2522-34811c80-4676-11ec-88f0-1860247f69ed.input.json",
        "inputDataFormat": "microsoft.qio.v2", "inputParams": {"params": {"step_limit":
        280}}, "providerId": "microsoft", "target": "microsoft.substochasticmontecarlo.cpu",
        "metadata": null, "name": "Test-SubstochasticMonteCarlo-\"20210101-000000\"",
        "id": "00000000-0000-0000-0000-000000000000", "status": "Succeeded", "outputDataFormat":
        "microsoft.qio-results.v2", "outputDataUri": "https://mystorage.blob.core.windows.net/job-00000000-0000-0000-0000-000000000000/rawOutputData?sv=PLACEHOLDER&sr=b&sig=PLACEHOLDER&se=PLACEHOLDER&sp=r&rscd=attachment%3B%20filename%3DTest-SubstochasticMonteCarlo-%252220210101-000000%2522-34811c80-4676-11ec-88f0-1860247f69ed.output.json",
        "creationTime": "2021-11-16T00:43:25.4585273+00:00", "beginExecutionTime":
        "2021-11-16T00:43:22.2331278Z", "endExecutionTime": "2021-11-16T00:43:22.2867871Z",
        "cancellationTime": null, "costEstimate": null, "errorData": null, "isCancelling":
        false, "tags": [], "access_token": "fake_token"}'
    headers:
      content-length:
      - '1502'
      content-type:
      - application/json; charset=utf-8
      transfer-encoding:
      - chunked
    status:
      code: 200
      message: OK
- request:
    body: null
    headers:
      Accept:
      - application/xml
      Accept-Encoding:
      - gzip, deflate
      Connection:
      - keep-alive
      User-Agent:
      - azsdk-python-storage-blob/12.9.0 Python/3.7.12 (Windows-10-10.0.19041-SP0)
      x-ms-date:
      - Tue, 16 Nov 2021 00:43:28 GMT
      x-ms-range:
      - bytes=0-33554431
      x-ms-version:
      - '2020-10-02'
    method: GET
    uri: https://mystorage.blob.core.windows.net/job-00000000-0000-0000-0000-000000000000/rawOutputData?sv=PLACEHOLDER&sr=b&sig=PLACEHOLDER&se=PLACEHOLDER&sp=r&rscd=attachment%3B%20filename%3DTest-SubstochasticMonteCarlo-%252220210101-000000%2522-34811c80-4676-11ec-88f0-1860247f69ed.output.json
  response:
    body:
      string: '{"version": "1.0", "configuration": {"0": 1, "1": 1, "2": -1, "3":
        1}, "cost": -23.0, "parameters": {"alpha": {"final": 0.0, "initial": 1.0,
        "type": "linear"}, "beta": {"final": 5.0, "initial": 0.0, "type": "linear"},
        "seed": 912355610, "step_limit": 280, "steps_per_walker": 1, "target_population":
        72}, "solutions": [{"configuration": {"0": -1, "1": -1, "2": 1, "3": -1},
        "cost": -23.0}], "access_token": "fake_token"}'
    headers:
      accept-ranges:
      - bytes
      content-length:
      - '546'
      content-range:
      - bytes 0-545/546
      content-type:
      - application/json
      x-ms-blob-content-md5:
      - m9bt49GosDYiq3saqYmzjQ==
      x-ms-blob-type:
      - BlockBlob
      x-ms-creation-time:
      - Tue, 16 Nov 2021 00:43:26 GMT
      x-ms-lease-state:
      - available
      x-ms-lease-status:
      - unlocked
      x-ms-server-encrypted:
      - 'true'
      x-ms-version:
      - '2020-10-02'
    status:
      code: 206
      message: Partial Content
- request:
    body: null
    headers:
      Accept:
      - application/json
      Accept-Encoding:
      - gzip, deflate
      Connection:
      - keep-alive
      User-Agent:
      - testapp azsdk-python-quantum/0.0.0.1 Python/3.7.12 (Windows-10-10.0.19041-SP0)
    method: GET
    uri: https://eastus.quantum.azure.com/v1.0/subscriptions/00000000-0000-0000-0000-000000000000/resourceGroups/myresourcegroup/providers/Microsoft.Quantum/workspaces/myworkspace/jobs/00000000-0000-0000-0000-000000000000
  response:
    body:
      string: '{"containerUri": "https://mystorage.blob.core.windows.net/job-00000000-0000-0000-0000-000000000000?sv=PLACEHOLDER&sig=PLACEHOLDER&se=PLACEHOLDER&srt=co&ss=b&sp=racw",
        "inputDataUri": "https://mystorage.blob.core.windows.net/job-00000000-0000-0000-0000-000000000000/inputData?sv=PLACEHOLDER&sr=b&sig=PLACEHOLDER&se=PLACEHOLDER&sp=r&rscd=attachment%3B%20filename%3DTest-SubstochasticMonteCarlo-%252220210101-000000%2522-34811c80-4676-11ec-88f0-1860247f69ed.input.json",
        "inputDataFormat": "microsoft.qio.v2", "inputParams": {"params": {"step_limit":
        280}}, "providerId": "microsoft", "target": "microsoft.substochasticmontecarlo.cpu",
        "metadata": null, "name": "Test-SubstochasticMonteCarlo-\"20210101-000000\"",
        "id": "00000000-0000-0000-0000-000000000000", "status": "Succeeded", "outputDataFormat":
        "microsoft.qio-results.v2", "outputDataUri": "https://mystorage.blob.core.windows.net/job-00000000-0000-0000-0000-000000000000/rawOutputData?sv=PLACEHOLDER&sr=b&sig=PLACEHOLDER&se=PLACEHOLDER&sp=r&rscd=attachment%3B%20filename%3DTest-SubstochasticMonteCarlo-%252220210101-000000%2522-34811c80-4676-11ec-88f0-1860247f69ed.output.json",
        "creationTime": "2021-11-16T00:43:25.4585273+00:00", "beginExecutionTime":
        "2021-11-16T00:43:22.2331278Z", "endExecutionTime": "2021-11-16T00:43:22.2867871Z",
        "cancellationTime": null, "costEstimate": null, "errorData": null, "isCancelling":
        false, "tags": [], "access_token": "fake_token"}'
    headers:
      content-length:
      - '1502'
      content-type:
      - application/json; charset=utf-8
      transfer-encoding:
      - chunked
    status:
      code: 200
      message: OK
version: 1
