interactions:
- request:
    body: '{''client_id'': ''00000000-0000-0000-0000-000000000000'', ''client_secret'':
      ''PLACEHOLDER'', ''grant_type'': ''client_credentials'', ''scope'': ''https://quantum.microsoft.com/.default''}'
    headers:
      Content-Type:
      - application/x-www-form-urlencoded
      User-Agent:
      - azsdk-python-identity/1.7.0 Python/3.7.12 (Windows-10-10.0.19041-SP0)
    method: POST
    uri: https://login.microsoftonline.com/00000000-0000-0000-0000-000000000000/oauth2/v2.0/token
  response:
    body:
      string: '{"token_type": "Bearer", "expires_in": 86399, "ext_expires_in": 86399,
        "access_token": "fake_token"}'
    headers:
      content-length:
      - '1722'
      content-type:
      - application/json; charset=utf-8
    status:
      code: 200
      message: OK
    url: https://login.microsoftonline.com/00000000-0000-0000-0000-000000000000/oauth2/v2.0/token
- request:
    body: 'b''{"containerName": "job-00000000-0000-0000-0000-000000000000"}'''
    headers:
      Accept:
      - application/json
      Content-Length:
      - '61'
      Content-Type:
      - application/json
      User-Agent:
      - async-testapp azsdk-python-quantum/0.0.0.1 Python/3.7.12 (Windows-10-10.0.19041-SP0)
    method: POST
    uri: https://eastus.quantum.azure.com/v1.0/subscriptions/00000000-0000-0000-0000-000000000000/resourceGroups/myresourcegroup/providers/Microsoft.Quantum/workspaces/myworkspace/storage/sasUri
  response:
    body:
      string: '{"sasUri": "https://mystorage.blob.core.windows.net/job-00000000-0000-0000-0000-000000000000?sv=PLACEHOLDER&sig=PLACEHOLDER&se=PLACEHOLDER&srt=co&ss=b&sp=racw",
        "access_token": "fake_token"}'
    headers:
      content-length:
      - '205'
      content-type:
      - application/json; charset=utf-8
      transfer-encoding:
      - chunked
    status:
      code: 200
      message: OK
    url: https://eastus.quantum.azure.com/v1.0/subscriptions/00000000-0000-0000-0000-000000000000/resourceGroups/myresourcegroup/providers/Microsoft.Quantum/workspaces/myworkspace/storage/sasUri
- request:
    body: null
    headers:
      Accept:
      - application/xml
      User-Agent:
      - azsdk-python-storage-blob/12.9.0 Python/3.7.12 (Windows-10-10.0.19041-SP0)
      x-ms-date:
      - Tue, 16 Nov 2021 01:41:48 GMT
      x-ms-version:
      - '2020-10-02'
    method: GET
    uri: https://mystorage.blob.core.windows.net/job-00000000-0000-0000-0000-000000000000?restype=container&sv=PLACEHOLDER&sig=PLACEHOLDER&se=PLACEHOLDER&srt=co&ss=b&sp=racw
  response:
    body:
      string: "\uFEFF<?xml version=\"1.0\" encoding=\"utf-8\"?><Error><Code>ContainerNotFound</Code><Message>The
        specified container does not exist.\nRequestId:a462ef6b-c01e-0010-1e8b-da5a85000000\nTime:2021-11-16T01:41:48.6132751Z</Message></Error>"
    headers:
      content-length:
      - '225'
      content-type:
      - application/xml
      x-ms-version:
      - '2020-10-02'
    status:
      code: 404
      message: The specified container does not exist.
    url: https://mystorage.blob.core.windows.net/job-00000000-0000-0000-0000-000000000000?restype=container&sv=PLACEHOLDER&sig=PLACEHOLDER&se=PLACEHOLDER&srt=co&ss=b&sp=racw
- request:
    body: null
    headers:
      Accept:
      - application/xml
      User-Agent:
      - azsdk-python-storage-blob/12.9.0 Python/3.7.12 (Windows-10-10.0.19041-SP0)
      x-ms-date:
      - Tue, 16 Nov 2021 01:41:48 GMT
      x-ms-version:
      - '2020-10-02'
    method: PUT
    uri: https://mystorage.blob.core.windows.net/job-00000000-0000-0000-0000-000000000000?restype=container&sv=PLACEHOLDER&sig=PLACEHOLDER&se=PLACEHOLDER&srt=co&ss=b&sp=racw
  response:
    body:
      string: ''
    headers:
      content-length:
      - '0'
      x-ms-version:
      - '2020-10-02'
    status:
      code: 201
      message: Created
    url: https://mystorage.blob.core.windows.net/job-00000000-0000-0000-0000-000000000000?restype=container&sv=PLACEHOLDER&sig=PLACEHOLDER&se=PLACEHOLDER&srt=co&ss=b&sp=racw
- request:
    body: null
    headers:
      Accept:
      - application/xml
      User-Agent:
      - azsdk-python-storage-blob/12.9.0 Python/3.7.12 (Windows-10-10.0.19041-SP0)
      x-ms-date:
      - Tue, 16 Nov 2021 01:41:48 GMT
      x-ms-version:
      - '2020-10-02'
    method: GET
    uri: https://mystorage.blob.core.windows.net/job-00000000-0000-0000-0000-000000000000?restype=container&sv=PLACEHOLDER&sig=PLACEHOLDER&se=PLACEHOLDER&srt=co&ss=b&sp=racw
  response:
    body:
      string: ''
    headers:
      content-length:
      - '0'
      x-ms-lease-state:
      - available
      x-ms-lease-status:
      - unlocked
      x-ms-version:
      - '2020-10-02'
    status:
      code: 200
      message: OK
    url: https://mystorage.blob.core.windows.net/job-00000000-0000-0000-0000-000000000000?restype=container&sv=PLACEHOLDER&sig=PLACEHOLDER&se=PLACEHOLDER&srt=co&ss=b&sp=racw
- request:
    body: b'\x1f\x8b\x08\x00\\\x0c\x93a\x02\xffU\x8c\xcd\n\x830\x10\x84_E\xf6l\x8a\x89J\x7f\xae=\xf7P\xe8\xadJI5\x05\xa1I$\xd9\x14\x8a\xe4\xdd\xbb\xc4\x83\xcd^vv\xbe\x9dY@+\x94\xa3D\t\xa7b\x01#\xb5"\x017\xe5\x91]\x834\x18\xf4\xc5\x1aTg\xe9\xde\x96u
      *\xc1iZ\xc6\xf7\ro\x0e\x1d@,\x0b\x18\xac\xc7\xc7+\x98\x01\'kR\xd1G9\xbfj\xe0\xbb\n\xe8\x07\xbfs\xaa\x9e\xc3\xd3\xa6[9\xed\xc9\xb8/0\xd0b5y\xd3\x98\x1c^\x16UO\xbd+i7
      2p\xcc\x00\xdf\x80\xd8@\x9d%X\x93\x91\xbfH\x0eD\x1f\xfb\x18\x7f#V"b\x1c\x01\x00\x00'
    headers:
      Accept:
      - application/xml
      Content-Length:
      - '176'
      Content-Type:
      - application/octet-stream
      User-Agent:
      - azsdk-python-storage-blob/12.9.0 Python/3.7.12 (Windows-10-10.0.19041-SP0)
      x-ms-blob-type:
      - BlockBlob
      x-ms-date:
      - Tue, 16 Nov 2021 01:41:48 GMT
      x-ms-version:
      - '2020-10-02'
    method: PUT
    uri: https://mystorage.blob.core.windows.net/job-00000000-0000-0000-0000-000000000000/inputData?sv=PLACEHOLDER&sig=PLACEHOLDER&se=PLACEHOLDER&srt=co&ss=b&sp=racw
  response:
    body:
      string: ''
    headers:
      content-length:
      - '0'
      x-ms-version:
      - '2020-10-02'
    status:
      code: 201
      message: Created
    url: https://mystorage.blob.core.windows.net/job-00000000-0000-0000-0000-000000000000/inputData?sv=PLACEHOLDER&sig=PLACEHOLDER&se=PLACEHOLDER&srt=co&ss=b&sp=racw
- request:
    body: 'b''{"id": "00000000-0000-0000-0000-000000000000", "name": "Test-QuantumMonteCarlo-\\"20210101-000000\\"",
      "containerUri": "https://mystorage.blob.core.windows.net/job-00000000-0000-0000-0000-000000000000?sv=PLACEHOLDER&sig=PLACEHOLDER&se=PLACEHOLDER&srt=co&ss=b&sp=racw",
      "inputDataUri": "https://mystorage.blob.core.windows.net/job-00000000-0000-0000-0000-000000000000/inputData",
      "inputDataFormat": "microsoft.qio.v2", "inputParams": {"params": {"trotter_number":
      1}}, "providerId": "Microsoft", "target": "microsoft.qmc.cpu", "outputDataFormat":
      "microsoft.qio-results.v2"}'''
    headers:
      Accept:
      - application/json
      Content-Length:
      - '616'
      Content-Type:
      - application/json
      User-Agent:
      - async-testapp azsdk-python-quantum/0.0.0.1 Python/3.7.12 (Windows-10-10.0.19041-SP0)
    method: PUT
    uri: https://eastus.quantum.azure.com/v1.0/subscriptions/00000000-0000-0000-0000-000000000000/resourceGroups/myresourcegroup/providers/Microsoft.Quantum/workspaces/myworkspace/jobs/00000000-0000-0000-0000-000000000000
  response:
    body:
      string: '{"containerUri": "https://mystorage.blob.core.windows.net/job-00000000-0000-0000-0000-000000000000?sv=PLACEHOLDER&sig=PLACEHOLDER&se=PLACEHOLDER&srt=co&ss=b&sp=racw",
        "inputDataUri": "https://mystorage.blob.core.windows.net/job-00000000-0000-0000-0000-000000000000/inputData?sv=PLACEHOLDER&sr=b&sig=PLACEHOLDER&se=PLACEHOLDER&sp=rcw",
        "inputDataFormat": "microsoft.qio.v2", "inputParams": {"params": {"trotter_number":
        1}}, "providerId": "microsoft", "target": "microsoft.qmc.cpu", "metadata":
        null, "name": "Test-QuantumMonteCarlo-\"20210101-000000\"", "id": "00000000-0000-0000-0000-000000000000",
        "status": "Waiting", "outputDataFormat": "microsoft.qio-results.v2", "outputDataUri":
        "https://e2etests.blob.core.windows.net:443/job-00000000-0000-0000-0000-000000000000/outputData?sv=PLACEHOLDER&sig=PLACEHOLDER&se=PLACEHOLDER&srt=co&ss=b&sp=racw",
        "creationTime": "2021-11-16T01:41:48.7475284+00:00", "beginExecutionTime":
        null, "endExecutionTime": null, "cancellationTime": null, "costEstimate":
        null, "errorData": null, "isCancelling": false, "tags": [], "access_token":
        "fake_token"}'
    headers:
      content-length:
      - '1158'
      content-type:
      - application/json; charset=utf-8
      transfer-encoding:
      - chunked
    status:
      code: 200
      message: OK
    url: https://eastus.quantum.azure.com/v1.0/subscriptions/00000000-0000-0000-0000-000000000000/resourceGroups/myresourcegroup/providers/Microsoft.Quantum/workspaces/myworkspace/jobs/00000000-0000-0000-0000-000000000000
- request:
    body: null
    headers:
      Accept:
      - application/json
      User-Agent:
      - async-testapp azsdk-python-quantum/0.0.0.1 Python/3.7.12 (Windows-10-10.0.19041-SP0)
    method: GET
    uri: https://eastus.quantum.azure.com/v1.0/subscriptions/00000000-0000-0000-0000-000000000000/resourceGroups/myresourcegroup/providers/Microsoft.Quantum/workspaces/myworkspace/jobs/00000000-0000-0000-0000-000000000000
  response:
    body:
      string: '{"containerUri": "https://mystorage.blob.core.windows.net/job-00000000-0000-0000-0000-000000000000?sv=PLACEHOLDER&sig=PLACEHOLDER&se=PLACEHOLDER&srt=co&ss=b&sp=racw",
        "inputDataUri": "https://mystorage.blob.core.windows.net/job-00000000-0000-0000-0000-000000000000/inputData?sv=PLACEHOLDER&sr=b&sig=PLACEHOLDER&se=PLACEHOLDER&sp=r&rscd=attachment%3B%20filename%3DTest-QuantumMonteCarlo-%252220210101-000000%2522-5cebf730-467e-11ec-ad14-1860247f69ed.input.json",
        "inputDataFormat": "microsoft.qio.v2", "inputParams": {"params": {"trotter_number":
        1}}, "providerId": "microsoft", "target": "microsoft.qmc.cpu", "metadata":
        null, "name": "Test-QuantumMonteCarlo-\"20210101-000000\"", "id": "00000000-0000-0000-0000-000000000000",
        "status": "Succeeded", "outputDataFormat": "microsoft.qio-results.v2", "outputDataUri":
        "https://mystorage.blob.core.windows.net/job-00000000-0000-0000-0000-000000000000/rawOutputData?sv=PLACEHOLDER&sr=b&sig=PLACEHOLDER&se=PLACEHOLDER&sp=r&rscd=attachment%3B%20filename%3DTest-QuantumMonteCarlo-%252220210101-000000%2522-5cebf730-467e-11ec-ad14-1860247f69ed.output.json",
        "creationTime": "2021-11-16T01:41:48.7475284+00:00", "beginExecutionTime":
        "2021-11-16T01:41:44.8583246Z", "endExecutionTime": "2021-11-16T01:41:45.0647988Z",
        "cancellationTime": null, "costEstimate": null, "errorData": null, "isCancelling":
        false, "tags": [], "access_token": "fake_token"}'
    headers:
      content-length:
      - '1462'
      content-type:
      - application/json; charset=utf-8
      transfer-encoding:
      - chunked
    status:
      code: 200
      message: OK
    url: https://eastus.quantum.azure.com/v1.0/subscriptions/00000000-0000-0000-0000-000000000000/resourceGroups/myresourcegroup/providers/Microsoft.Quantum/workspaces/myworkspace/jobs/00000000-0000-0000-0000-000000000000
- request:
    body: null
    headers:
      Accept:
      - application/xml
      User-Agent:
      - azsdk-python-storage-blob/12.9.0 Python/3.7.12 (Windows-10-10.0.19041-SP0)
      x-ms-date:
      - Tue, 16 Nov 2021 01:41:51 GMT
      x-ms-range:
      - bytes=0-33554431
      x-ms-version:
      - '2020-10-02'
    method: GET
    uri: https://mystorage.blob.core.windows.net/job-00000000-0000-0000-0000-000000000000/rawOutputData?sv=PLACEHOLDER&sr=b&sig=PLACEHOLDER&se=PLACEHOLDER&sp=r&rscd=attachment%3B%20filename%3DTest-QuantumMonteCarlo-%252220210101-000000%2522-5cebf730-467e-11ec-ad14-1860247f69ed.output.json
  response:
    body:
      string: '{"version": "1.0", "configuration": {"1": 1, "0": 1, "2": 0, "3": 1},
        "cost": -5.0, "solutions": [{"configuration": {"1": 1, "0": 1, "2": 0, "3":
        1}, "cost": -5.0}], "access_token": "fake_token"}'
    headers:
      accept-ranges:
      - bytes
      content-length:
      - '170'
      content-range:
      - bytes 0-169/170
      content-type:
      - application/json
      x-ms-blob-content-md5:
      - oO3WY1+vPlumWsKVwlLwdg==
      x-ms-blob-type:
      - BlockBlob
      x-ms-creation-time:
      - Tue, 16 Nov 2021 01:41:49 GMT
      x-ms-lease-state:
      - available
      x-ms-lease-status:
      - unlocked
      x-ms-server-encrypted:
      - 'true'
      x-ms-version:
      - '2020-10-02'
    status:
      code: 206
      message: Partial Content
    url: https://mystorage.blob.core.windows.net/job-00000000-0000-0000-0000-000000000000/rawOutputData?sv=PLACEHOLDER&sr=b&sig=PLACEHOLDER&se=PLACEHOLDER&sp=r&rscd=attachment%3B%20filename%3DTest-QuantumMonteCarlo-%252220210101-000000%2522-5cebf730-467e-11ec-ad14-1860247f69ed.output.json
- request:
    body: null
    headers:
      Accept:
      - application/json
      User-Agent:
      - async-testapp azsdk-python-quantum/0.0.0.1 Python/3.7.12 (Windows-10-10.0.19041-SP0)
    method: GET
    uri: https://eastus.quantum.azure.com/v1.0/subscriptions/00000000-0000-0000-0000-000000000000/resourceGroups/myresourcegroup/providers/Microsoft.Quantum/workspaces/myworkspace/jobs/00000000-0000-0000-0000-000000000000
  response:
    body:
      string: '{"containerUri": "https://mystorage.blob.core.windows.net/job-00000000-0000-0000-0000-000000000000?sv=PLACEHOLDER&sig=PLACEHOLDER&se=PLACEHOLDER&srt=co&ss=b&sp=racw",
        "inputDataUri": "https://mystorage.blob.core.windows.net/job-00000000-0000-0000-0000-000000000000/inputData?sv=PLACEHOLDER&sr=b&sig=PLACEHOLDER&se=PLACEHOLDER&sp=r&rscd=attachment%3B%20filename%3DTest-QuantumMonteCarlo-%252220210101-000000%2522-5cebf730-467e-11ec-ad14-1860247f69ed.input.json",
        "inputDataFormat": "microsoft.qio.v2", "inputParams": {"params": {"trotter_number":
        1}}, "providerId": "microsoft", "target": "microsoft.qmc.cpu", "metadata":
        null, "name": "Test-QuantumMonteCarlo-\"20210101-000000\"", "id": "00000000-0000-0000-0000-000000000000",
        "status": "Succeeded", "outputDataFormat": "microsoft.qio-results.v2", "outputDataUri":
        "https://mystorage.blob.core.windows.net/job-00000000-0000-0000-0000-000000000000/rawOutputData?sv=PLACEHOLDER&sr=b&sig=PLACEHOLDER&se=PLACEHOLDER&sp=r&rscd=attachment%3B%20filename%3DTest-QuantumMonteCarlo-%252220210101-000000%2522-5cebf730-467e-11ec-ad14-1860247f69ed.output.json",
        "creationTime": "2021-11-16T01:41:48.7475284+00:00", "beginExecutionTime":
        "2021-11-16T01:41:44.8583246Z", "endExecutionTime": "2021-11-16T01:41:45.0647988Z",
        "cancellationTime": null, "costEstimate": null, "errorData": null, "isCancelling":
        false, "tags": [], "access_token": "fake_token"}'
    headers:
      content-length:
      - '1462'
      content-type:
      - application/json; charset=utf-8
      transfer-encoding:
      - chunked
    status:
      code: 200
      message: OK
    url: https://eastus.quantum.azure.com/v1.0/subscriptions/00000000-0000-0000-0000-000000000000/resourceGroups/myresourcegroup/providers/Microsoft.Quantum/workspaces/myworkspace/jobs/00000000-0000-0000-0000-000000000000
version: 1
